// Jest Snapshot v1, https://goo.gl/fbAQLP

exports[`ActionSheet renders correctly 1`] = `
<ActionSheet
  actions={
    Array [
      Object {
        "onClick": [MockFunction],
        "text": "操作一",
      },
      Object {
        "onClick": [MockFunction],
        "text": "操作二",
      },
      Object {
        "onClick": [MockFunction],
        "text": "操作三",
        "theme": "error",
      },
    ]
  }
  cancelText="取消"
  onMaskClick={[MockFunction]}
  prefixCls="za-actionsheet"
  spacing={false}
  visible={true}
>
  <Popup
    animationDuration={200}
    autoClose={false}
    direction="bottom"
    mask={true}
    maskType="normal"
    onMaskClick={[MockFunction]}
    prefixCls="za-popup"
    stayTime={3000}
    visible={true}
  >
    <Portal
      getContainer={[Function]}
    >
      <div
        className="za-popup"
      >
        <div
          className="za-popup-wrapper za-popup-wrapper-bottom"
          style={
            Object {
              "WebkitTransitionDuration": "200ms",
              "transitionDuration": "200ms",
            }
          }
        >
          <div
            className="za-actionsheet"
          >
            <div
              className="za-actionsheet-actions"
            >
              <a
                className="za-actionsheet-item"
                key="0"
                onClick={[MockFunction]}
              >
                操作一
              </a>
              <a
                className="za-actionsheet-item"
                key="1"
                onClick={[MockFunction]}
              >
                操作二
              </a>
              <a
                className="za-actionsheet-item theme-error"
                key="2"
                onClick={[MockFunction]}
              >
                操作三
              </a>
            </div>
          </div>
        </div>
        <Mask
          className=""
          onClose={[MockFunction]}
          prefixCls="za-mask"
          style={
            Object {
              "WebkitAnimationDuration": "200ms",
              "animationDuration": "200ms",
            }
          }
          type="normal"
          visible={true}
        >
          <div
            className="za-mask normal"
            onClick={[MockFunction]}
            style={
              Object {
                "WebkitAnimationDuration": "200ms",
                "animationDuration": "200ms",
              }
            }
          />
        </Mask>
      </div>
    </Portal>
  </Popup>
</ActionSheet>
`;
